error: JSON-RPC expects the name of its method. For example, `#[pkg(data_format(json_rpc("method")))]`
 --> tests/ui/error_enum/incorrect_json_rpc_data_format.rs:1:1
  |
1 | #[lucia_macros::pkg(api(Foo), data_format(json_rpc(Bar)))]
  | ^^^^^^^^^^^^^^^^^^^^^^^^^^^^^^^^^^^^^^^^^^^^^^^^^^^^^^^^^^
  |
  = note: this error originates in the attribute macro `lucia_macros::pkg` (in Nightly builds, run with -Z macro-backtrace for more info)
